<?php return array (
  0 => 'Symfony\\Bundle\\FrameworkBundle\\Controller\\AbstractController',
  1 => 'Doctrine\\Bundle\\DoctrineBundle\\Controller\\ProfilerController',
  2 => 'Doctrine\\ORM\\Cache\\Persister\\Entity\\AbstractEntityPersister',
  3 => 'Doctrine\\ORM\\Cache\\Persister\\Entity\\CachedEntityPersister',
  4 => 'Doctrine\\ORM\\Cache\\Persister\\Entity\\NonStrictReadWriteCachedEntityPersister',
  5 => 'Doctrine\\ORM\\Cache\\Persister\\Entity\\ReadOnlyCachedEntityPersister',
  6 => 'Doctrine\\ORM\\Cache\\Persister\\Entity\\ReadWriteCachedEntityPersister',
  7 => 'Doctrine\\ORM\\Persisters\\Entity\\AbstractEntityInheritancePersister',
  8 => 'Doctrine\\ORM\\Persisters\\Entity\\BasicEntityPersister',
  9 => 'Doctrine\\ORM\\Persisters\\Entity\\CachedPersisterContext',
  10 => 'Doctrine\\ORM\\Persisters\\Entity\\EntityPersister',
  11 => 'Doctrine\\ORM\\Persisters\\Entity\\JoinedSubclassPersister',
  12 => 'Doctrine\\ORM\\Persisters\\Entity\\SingleTablePersister',
  13 => 'Gedmo\\Loggable\\Entity\\LogEntry',
  14 => 'Gedmo\\Loggable\\Entity\\MappedSuperclass\\AbstractLogEntry',
  15 => 'Gedmo\\Loggable\\Entity\\Repository\\LogEntryRepository',
  16 => 'Gedmo\\Sortable\\Entity\\Repository\\SortableRepository',
  17 => 'Gedmo\\Translatable\\Entity\\MappedSuperclass\\AbstractPersonalTranslation',
  18 => 'Gedmo\\Translatable\\Entity\\MappedSuperclass\\AbstractTranslation',
  19 => 'Gedmo\\Translatable\\Entity\\Repository\\TranslationRepository',
  20 => 'Gedmo\\Translatable\\Entity\\Translation',
  21 => 'Gedmo\\Translator\\Entity\\Translation',
  22 => 'Gedmo\\Tree\\Entity\\MappedSuperclass\\AbstractClosure',
  23 => 'Gedmo\\Tree\\Entity\\Repository\\AbstractTreeRepository',
  24 => 'Gedmo\\Tree\\Entity\\Repository\\ClosureTreeRepository',
  25 => 'Gedmo\\Tree\\Entity\\Repository\\MaterializedPathRepository',
  26 => 'Gedmo\\Tree\\Entity\\Repository\\NestedTreeRepository',
  28 => 'Symfony\\Bundle\\FrameworkBundle\\Controller\\ControllerResolver',
  29 => 'Symfony\\Bundle\\FrameworkBundle\\Controller\\RedirectController',
  30 => 'Symfony\\Bundle\\FrameworkBundle\\Controller\\TemplateController',
  31 => 'Symfony\\Component\\HttpKernel\\Controller\\ArgumentResolver',
  32 => 'Symfony\\Component\\HttpKernel\\Controller\\ArgumentResolverInterface',
  33 => 'Symfony\\Component\\HttpKernel\\Controller\\ArgumentResolver\\DefaultValueResolver',
  34 => 'Symfony\\Component\\HttpKernel\\Controller\\ArgumentResolver\\NotTaggedControllerValueResolver',
  35 => 'Symfony\\Component\\HttpKernel\\Controller\\ArgumentResolver\\RequestAttributeValueResolver',
  36 => 'Symfony\\Component\\HttpKernel\\Controller\\ArgumentResolver\\RequestValueResolver',
  37 => 'Symfony\\Component\\HttpKernel\\Controller\\ArgumentResolver\\ServiceValueResolver',
  38 => 'Symfony\\Component\\HttpKernel\\Controller\\ArgumentResolver\\SessionValueResolver',
  39 => 'Symfony\\Component\\HttpKernel\\Controller\\ArgumentResolver\\TraceableValueResolver',
  40 => 'Symfony\\Component\\HttpKernel\\Controller\\ArgumentResolver\\VariadicValueResolver',
  41 => 'Symfony\\Component\\HttpKernel\\Controller\\ArgumentValueResolverInterface',
  42 => 'Symfony\\Component\\HttpKernel\\Controller\\ContainerControllerResolver',
  43 => 'Symfony\\Component\\HttpKernel\\Controller\\ControllerReference',
  44 => 'Symfony\\Component\\HttpKernel\\Controller\\ControllerResolver',
  45 => 'Symfony\\Component\\HttpKernel\\Controller\\ControllerResolverInterface',
  46 => 'Symfony\\Component\\HttpKernel\\Controller\\ErrorController',
  47 => 'Symfony\\Component\\HttpKernel\\Controller\\TraceableArgumentResolver',
  48 => 'Symfony\\Component\\HttpKernel\\Controller\\TraceableControllerResolver',
  49 => 'Symfony\\Component\\Security\\Http\\Controller\\UserValueResolver',
);